```
# Test
## Test 2
### Test 3
#### Test 4
##### Test 5
###### Test 6
####### Test 7
```

[parsed]
{
  "type": "doc",
  "content": [
    {
      "type": "heading",
      "attrs": {
        "level": 1
      },
      "content": [
        {
          "type": "text",
          "marks": [],
          "text": "Test"
        }
      ]
    },
    {
      "type": "heading",
      "attrs": {
        "level": 2
      },
      "content": [
        {
          "type": "text",
          "marks": [],
          "text": "Test 2"
        }
      ]
    },
    {
      "type": "heading",
      "attrs": {
        "level": 3
      },
      "content": [
        {
          "type": "text",
          "marks": [],
          "text": "Test 3"
        }
      ]
    },
    {
      "type": "heading",
      "attrs": {
        "level": 4
      },
      "content": [
        {
          "type": "text",
          "marks": [],
          "text": "Test 4"
        }
      ]
    },
    {
      "type": "heading",
      "attrs": {
        "level": 5
      },
      "content": [
        {
          "type": "text",
          "marks": [],
          "text": "Test 5"
        }
      ]
    },
    {
      "type": "heading",
      "attrs": {
        "level": 6
      },
      "content": [
        {
          "type": "text",
          "marks": [],
          "text": "Test 6"
        }
      ]
    },
    {
      "type": "paragraph",
      "content": [
        {
          "type": "text",
          "marks": [],
          "text": "####### Test 7"
        }
      ]
    }
  ]
}

