``````
```
This is a code
Multiline one
```

```jsonnet
This is a code with language specified
```

```jsonnet { x: 2 }
This is a code with spaces in language
```

````markdown
This is codeblock with more than three fences
```
That contains three fences
```
And is single codeblock
````

~~~
This is alternative fenced codeblock
~~~

``````

[parsed]
{
  "type": "doc",
  "content": [
    {
      "type": "codeBlock",
      "attrs": {
        "params": ""
      },
      "content": [
        {
          "type": "text",
          "marks": [],
          "text": "This is a code\nMultiline one"
        }
      ]
    },
    {
      "type": "codeBlock",
      "attrs": {
        "params": "jsonnet"
      },
      "content": [
        {
          "type": "text",
          "marks": [],
          "text": "This is a code with language specified"
        }
      ]
    },
    {
      "type": "codeBlock",
      "attrs": {
        "params": "jsonnet { x: 2 }"
      },
      "content": [
        {
          "type": "text",
          "marks": [],
          "text": "This is a code with spaces in language"
        }
      ]
    },
    {
      "type": "codeBlock",
      "attrs": {
        "params": "markdown"
      },
      "content": [
        {
          "type": "text",
          "marks": [],
          "text": "This is codeblock with more than three fences\n```\nThat contains three fences\n```\nAnd is single codeblock"
        }
      ]
    },
    {
      "type": "codeBlock",
      "attrs": {
        "params": ""
      },
      "content": [
        {
          "type": "text",
          "marks": [],
          "text": "This is alternative fenced codeblock"
        }
      ]
    }
  ]
}

[printed]
~~~~~~~~~
```
This is a code
Multiline one
```

```jsonnet
This is a code with language specified
```

```jsonnet { x: 2 }
This is a code with spaces in language
```

````markdown
This is codeblock with more than three fences
```
That contains three fences
```
And is single codeblock
````

```
This is alternative fenced codeblock
```
~~~~~~~~~

