```
* This is a bullet
* Another bullet

- This is another style of bullet
- Another bullet 2
```

[parsed]
{
  "type": "doc",
  "content": [
    {
      "type": "bulletList",
      "content": [
        {
          "type": "listItem",
          "content": [
            {
              "type": "text",
              "marks": [],
              "text": "This is a bullet"
            }
          ]
        },
        {
          "type": "listItem",
          "content": [
            {
              "type": "text",
              "marks": [],
              "text": "Another bullet"
            }
          ]
        }
      ]
    },
    {
      "type": "bulletList",
      "content": [
        {
          "type": "listItem",
          "content": [
            {
              "type": "text",
              "marks": [],
              "text": "This is another style of bullet"
            }
          ]
        },
        {
          "type": "listItem",
          "content": [
            {
              "type": "text",
              "marks": [],
              "text": "Another bullet 2"
            }
          ]
        }
      ]
    }
  ]
}

[printed]
~~~~~~~~~
- This is a bullet
- Another bullet

- This is another style of bullet
- Another bullet 2
~~~~~~~~~

