```
1. one
    1. one
    2. two
    3. three
2. two
3. three
```

[parsed]
{
  "type": "doc",
  "content": [
    {
      "type": "orderedList",
      "attrs": {
        "order": 1,
        "tight": false
      },
      "content": [
        {
          "type": "listItem",
          "content": [
            {
              "type": "text",
              "marks": [],
              "text": "one"
            },
            {
              "type": "orderedList",
              "attrs": {
                "order": 1,
                "tight": false
              },
              "content": [
                {
                  "type": "listItem",
                  "content": [
                    {
                      "type": "text",
                      "marks": [],
                      "text": "one"
                    }
                  ]
                },
                {
                  "type": "listItem",
                  "content": [
                    {
                      "type": "text",
                      "marks": [],
                      "text": "two"
                    }
                  ]
                },
                {
                  "type": "listItem",
                  "content": [
                    {
                      "type": "text",
                      "marks": [],
                      "text": "three"
                    }
                  ]
                }
              ]
            }
          ]
        },
        {
          "type": "listItem",
          "content": [
            {
              "type": "text",
              "marks": [],
              "text": "two"
            }
          ]
        },
        {
          "type": "listItem",
          "content": [
            {
              "type": "text",
              "marks": [],
              "text": "three"
            }
          ]
        }
      ]
    }
  ]
}

[printed]
~~~~~~~~~
1. one
  1. one
  2. two
  3. three
2. two
3. three
~~~~~~~~~

