```
This is **strongly typed text** this is not
```

[parsed]
{
  "type": "doc",
  "content": [
    {
      "type": "paragraph",
      "content": [
        {
          "type": "text",
          "marks": [],
          "text": "This is "
        },
        {
          "type": "text",
          "marks": [
            {
              "type": "strong"
            }
          ],
          "text": "strongly typed text"
        },
        {
          "type": "text",
          "marks": [],
          "text": " this is not"
        }
      ]
    }
  ]
}

[printed]
~~~~~~~~~
This is **strongly typed text** this is not
~~~~~~~~~

