```
<foo>

Bar

</foo>

<bar with_attr="foo" id="x">

Baz

</bar>
```

[parsed]
{
  "type": "doc",
  "content": [
    {
      "type": "html",
      "attrs": {
        "tag": "foo",
        "inline": false,
        "attrs": ""
      },
      "content": [
        {
          "type": "paragraph",
          "content": [
            {
              "type": "text",
              "marks": [],
              "text": "Bar"
            }
          ]
        }
      ]
    },
    {
      "type": "html",
      "attrs": {
        "tag": "bar",
        "inline": false,
        "attrs": "with_attr=\"foo\" id=\"x\""
      },
      "content": [
        {
          "type": "paragraph",
          "content": [
            {
              "type": "text",
              "marks": [],
              "text": "Baz"
            }
          ]
        }
      ]
    }
  ]
}

[printed]
~~~~~~~~~
<foo>

Bar

</foo>

<bar with_attr="foo" id="x">

Baz

</bar>
~~~~~~~~~

