```
This is ![img](./photo.png "With a title") and this is not
```

[parsed]
{
  "type": "doc",
  "content": [
    {
      "type": "paragraph",
      "content": [
        {
          "type": "text",
          "marks": [],
          "text": "This is "
        },
        {
          "type": "image",
          "attrs": {
            "src": "./photo.png",
            "title": "With a title"
          },
          "content": [
            {
              "type": "text",
              "marks": [],
              "text": "img"
            }
          ]
        },
        {
          "type": "text",
          "marks": [],
          "text": " and this is not"
        }
      ]
    }
  ]
}

[printed]
~~~~~~~~~
This is ![img](./photo.png "With a title") and this is not
~~~~~~~~~

