```
This is `inline code` this is not

This is ``inline code with escaped backtick ` as one big code`` this is not
```

[parsed]
{
  "type": "doc",
  "content": [
    {
      "type": "paragraph",
      "content": [
        {
          "type": "text",
          "marks": [],
          "text": "This is "
        },
        {
          "type": "text",
          "marks": [
            {
              "type": "code"
            }
          ],
          "text": "inline code"
        },
        {
          "type": "text",
          "marks": [],
          "text": " this is not"
        }
      ]
    },
    {
      "type": "paragraph",
      "content": [
        {
          "type": "text",
          "marks": [],
          "text": "This is "
        },
        {
          "type": "text",
          "marks": [
            {
              "type": "code"
            }
          ],
          "text": "inline code with escaped backtick ` as one big code"
        },
        {
          "type": "text",
          "marks": [],
          "text": " this is not"
        }
      ]
    }
  ]
}

[printed]
~~~~~~~~~
This is `inline code` this is not

This is ``inline code with escaped backtick ` as one big code`` this is not
~~~~~~~~~

