```
This is <foo>html code</foo> this is not

This is <foo x="2">html code with attrs</foo> this is not
```

[parsed]
{
  "type": "doc",
  "content": [
    {
      "type": "paragraph",
      "content": [
        {
          "type": "text",
          "marks": [],
          "text": "This is "
        },
        {
          "type": "html",
          "attrs": {
            "tag": "foo",
            "inline": true,
            "attrs": ""
          },
          "content": [
            {
              "type": "text",
              "marks": [],
              "text": "html code"
            }
          ]
        },
        {
          "type": "text",
          "marks": [],
          "text": " this is not"
        }
      ]
    },
    {
      "type": "paragraph",
      "content": [
        {
          "type": "text",
          "marks": [],
          "text": "This is "
        },
        {
          "type": "html",
          "attrs": {
            "tag": "foo",
            "inline": true,
            "attrs": "x=\"2\""
          },
          "content": [
            {
              "type": "text",
              "marks": [],
              "text": "html code with attrs"
            }
          ]
        },
        {
          "type": "text",
          "marks": [],
          "text": " this is not"
        }
      ]
    }
  ]
}

[printed]
~~~~~~~~~
This is <foo>html code</foo> this is not

This is <foo x="2">html code with attrs</foo> this is not
~~~~~~~~~

