```
This is
soft break
```

[parsed]
{
  "type": "doc",
  "content": [
    {
      "type": "paragraph",
      "content": [
        {
          "type": "text",
          "marks": [],
          "text": "This is"
        },
        {
          "type": "text",
          "marks": [],
          "text": "\n"
        },
        {
          "type": "text",
          "marks": [],
          "text": "soft break"
        }
      ]
    }
  ]
}

