```
horizontal

---

rule
```

[parsed]
{
  "type": "doc",
  "content": [
    {
      "type": "paragraph",
      "content": [
        {
          "type": "text",
          "marks": [],
          "text": "horizontal"
        }
      ]
    },
    {
      "type": "horizontalRule"
    },
    {
      "type": "paragraph",
      "content": [
        {
          "type": "text",
          "marks": [],
          "text": "rule"
        }
      ]
    }
  ]
}

