```
* [ ] Unchecked
* [x] Checked
* [/] Partial
```

[parsed]
{
  "type": "doc",
  "content": [
    {
      "type": "bulletList",
      "attrs": {
        "tight": false
      },
      "content": [
        {
          "type": "listItem",
          "content": [
            {
              "type": "taskListMarker",
              "attrs": {
                "checked": false
              }
            },
            {
              "type": "text",
              "marks": [],
              "text": "Unchecked"
            }
          ]
        },
        {
          "type": "listItem",
          "content": [
            {
              "type": "taskListMarker",
              "attrs": {
                "checked": true
              }
            },
            {
              "type": "text",
              "marks": [],
              "text": "Checked"
            }
          ]
        },
        {
          "type": "listItem",
          "content": [
            {
              "type": "text",
              "marks": [],
              "text": "[/] Partial"
            }
          ]
        }
      ]
    }
  ]
}

[printed]
~~~~~~~~~
- [ ] Unchecked
- [x] Checked
- [/] Partial
~~~~~~~~~

