```
---
foo: bar
---

Foo bar

```

[parsed]
{
  "type": "doc",
  "content": [
    {
      "type": "metadata",
      "content": [
        {
          "type": "text",
          "marks": [],
          "text": "foo: bar"
        }
      ]
    },
    {
      "type": "paragraph",
      "content": [
        {
          "type": "text",
          "marks": [],
          "text": "Foo bar"
        }
      ]
    }
  ]
}

