```
This is ~Strikethrough~ this is not
```

[parsed]
{
  "type": "doc",
  "content": [
    {
      "type": "paragraph",
      "content": [
        {
          "type": "text",
          "marks": [],
          "text": "This is "
        },
        {
          "type": "text",
          "marks": [
            {
              "type": "strike"
            }
          ],
          "text": "Strikethrough"
        },
        {
          "type": "text",
          "marks": [],
          "text": " this is not"
        }
      ]
    }
  ]
}

[printed]
~~~~~~~~~
This is ~Strikethrough~ this is not
~~~~~~~~~

